Archive member included because of file (symbol)

c:/winavr-20100110/bin/../lib/gcc/avr/4.3.3/../../../../avr/lib/avr5\libprintf_flt.a(vfprintf_flt.o)
                              (vfprintf)
c:/winavr-20100110/bin/../lib/gcc/avr/4.3.3/../../../../avr/lib/avr5\libm.a(addsf3.o)
                              gui.o (__subsf3)
c:/winavr-20100110/bin/../lib/gcc/avr/4.3.3/../../../../avr/lib/avr5\libm.a(addsf3x.o)
                              c:/winavr-20100110/bin/../lib/gcc/avr/4.3.3/../../../../avr/lib/avr5\libm.a(addsf3.o) (__addsf3x)
c:/winavr-20100110/bin/../lib/gcc/avr/4.3.3/../../../../avr/lib/avr5\libm.a(divsf3.o)
                              gui.o (__divsf3)
c:/winavr-20100110/bin/../lib/gcc/avr/4.3.3/../../../../avr/lib/avr5\libm.a(divsf3x.o)
                              c:/winavr-20100110/bin/../lib/gcc/avr/4.3.3/../../../../avr/lib/avr5\libm.a(divsf3.o) (__divsf3x)
c:/winavr-20100110/bin/../lib/gcc/avr/4.3.3/../../../../avr/lib/avr5\libm.a(fixunssfsi.o)
                              gui.o (__fixunssfsi)
c:/winavr-20100110/bin/../lib/gcc/avr/4.3.3/../../../../avr/lib/avr5\libm.a(fp_inf.o)
                              c:/winavr-20100110/bin/../lib/gcc/avr/4.3.3/../../../../avr/lib/avr5\libm.a(addsf3x.o) (__fp_inf)
c:/winavr-20100110/bin/../lib/gcc/avr/4.3.3/../../../../avr/lib/avr5\libm.a(fp_nan.o)
                              c:/winavr-20100110/bin/../lib/gcc/avr/4.3.3/../../../../avr/lib/avr5\libm.a(addsf3x.o) (__fp_nan)
c:/winavr-20100110/bin/../lib/gcc/avr/4.3.3/../../../../avr/lib/avr5\libm.a(fp_pscA.o)
                              c:/winavr-20100110/bin/../lib/gcc/avr/4.3.3/../../../../avr/lib/avr5\libm.a(addsf3x.o) (__fp_pscA)
c:/winavr-20100110/bin/../lib/gcc/avr/4.3.3/../../../../avr/lib/avr5\libm.a(fp_pscB.o)
                              c:/winavr-20100110/bin/../lib/gcc/avr/4.3.3/../../../../avr/lib/avr5\libm.a(addsf3x.o) (__fp_pscB)
c:/winavr-20100110/bin/../lib/gcc/avr/4.3.3/../../../../avr/lib/avr5\libm.a(fp_round.o)
                              c:/winavr-20100110/bin/../lib/gcc/avr/4.3.3/../../../../avr/lib/avr5\libm.a(addsf3.o) (__fp_round)
c:/winavr-20100110/bin/../lib/gcc/avr/4.3.3/../../../../avr/lib/avr5\libm.a(fp_split3.o)
                              c:/winavr-20100110/bin/../lib/gcc/avr/4.3.3/../../../../avr/lib/avr5\libm.a(addsf3x.o) (__fp_split3)
c:/winavr-20100110/bin/../lib/gcc/avr/4.3.3/../../../../avr/lib/avr5\libm.a(fp_zero.o)
                              c:/winavr-20100110/bin/../lib/gcc/avr/4.3.3/../../../../avr/lib/avr5\libm.a(addsf3x.o) (__fp_zero)
c:/winavr-20100110/bin/../lib/gcc/avr/4.3.3/../../../../avr/lib/avr5\libm.a(mulsf3.o)
                              gui.o (__mulsf3)
c:/winavr-20100110/bin/../lib/gcc/avr/4.3.3/../../../../avr/lib/avr5\libm.a(mulsf3x.o)
                              c:/winavr-20100110/bin/../lib/gcc/avr/4.3.3/../../../../avr/lib/avr5\libm.a(mulsf3.o) (__mulsf3x)
c:/winavr-20100110/bin/../lib/gcc/avr/4.3.3/avr5\libgcc.a(_divmodhi4.o)
                              ks0108.o (__divmodhi4)
c:/winavr-20100110/bin/../lib/gcc/avr/4.3.3/avr5\libgcc.a(_prologue.o)
                              c:/winavr-20100110/bin/../lib/gcc/avr/4.3.3/../../../../avr/lib/avr5\libprintf_flt.a(vfprintf_flt.o) (__prologue_saves__)
c:/winavr-20100110/bin/../lib/gcc/avr/4.3.3/avr5\libgcc.a(_epilogue.o)
                              c:/winavr-20100110/bin/../lib/gcc/avr/4.3.3/../../../../avr/lib/avr5\libprintf_flt.a(vfprintf_flt.o) (__epilogue_restores__)
c:/winavr-20100110/bin/../lib/gcc/avr/4.3.3/avr5\libgcc.a(_exit.o)
                              c:/winavr-20100110/bin/../lib/gcc/avr/4.3.3/../../../../avr/lib/avr5/crtm64.o (exit)
c:/winavr-20100110/bin/../lib/gcc/avr/4.3.3/avr5\libgcc.a(_copy_data.o)
                              main.o (__do_copy_data)
c:/winavr-20100110/bin/../lib/gcc/avr/4.3.3/avr5\libgcc.a(_clear_bss.o)
                              ks0108.o (__do_clear_bss)
c:/winavr-20100110/bin/../lib/gcc/avr/4.3.3/avr5\libgcc.a(_udivmodhi4.o)
                              c:/winavr-20100110/bin/../lib/gcc/avr/4.3.3/avr5\libgcc.a(_divmodhi4.o) (__udivmodhi4)
c:/winavr-20100110/bin/../lib/gcc/avr/4.3.3/../../../../avr/lib/avr5\libc.a(ftoa_engine.o)
                              c:/winavr-20100110/bin/../lib/gcc/avr/4.3.3/../../../../avr/lib/avr5\libprintf_flt.a(vfprintf_flt.o) (__ftoa_engine)
c:/winavr-20100110/bin/../lib/gcc/avr/4.3.3/../../../../avr/lib/avr5\libc.a(strnlen_P.o)
                              c:/winavr-20100110/bin/../lib/gcc/avr/4.3.3/../../../../avr/lib/avr5\libprintf_flt.a(vfprintf_flt.o) (strnlen_P)
c:/winavr-20100110/bin/../lib/gcc/avr/4.3.3/../../../../avr/lib/avr5\libc.a(strnlen.o)
                              c:/winavr-20100110/bin/../lib/gcc/avr/4.3.3/../../../../avr/lib/avr5\libprintf_flt.a(vfprintf_flt.o) (strnlen)
c:/winavr-20100110/bin/../lib/gcc/avr/4.3.3/../../../../avr/lib/avr5\libc.a(fputc.o)
                              c:/winavr-20100110/bin/../lib/gcc/avr/4.3.3/../../../../avr/lib/avr5\libprintf_flt.a(vfprintf_flt.o) (fputc)
c:/winavr-20100110/bin/../lib/gcc/avr/4.3.3/../../../../avr/lib/avr5\libc.a(iob.o)
                              main.o (__iob)
c:/winavr-20100110/bin/../lib/gcc/avr/4.3.3/../../../../avr/lib/avr5\libc.a(printf.o)
                              main.o (printf)
c:/winavr-20100110/bin/../lib/gcc/avr/4.3.3/../../../../avr/lib/avr5\libc.a(puts.o)
                              main.o (puts)
c:/winavr-20100110/bin/../lib/gcc/avr/4.3.3/../../../../avr/lib/avr5\libc.a(sprintf.o)
                              gui.o (sprintf)
c:/winavr-20100110/bin/../lib/gcc/avr/4.3.3/../../../../avr/lib/avr5\libc.a(ultoa_invert.o)
                              c:/winavr-20100110/bin/../lib/gcc/avr/4.3.3/../../../../avr/lib/avr5\libprintf_flt.a(vfprintf_flt.o) (__ultoa_invert)

Allocating common symbols
Common symbol       size              file

datatest            0x7d0             main.o
yaxis_max           0xc               main.o
prev_state          0x4               gui.o
msg                 0x32              gui.o
curr_state          0x4               gui.o
ks0108FontColor     0x1               ks0108.o
ks0108Coord         0x3               ks0108.o
ks0108FontRead      0x2               ks0108.o
yaxis_n             0xc               main.o
ks0108Font          0x2               ks0108.o
__iob               0x6               c:/winavr-20100110/bin/../lib/gcc/avr/4.3.3/../../../../avr/lib/avr5\libc.a(iob.o)

Memory Configuration

Name             Origin             Length             Attributes
text             0x00000000         0x00020000         xr
data             0x00800060         0x0000ffa0         rw !x
eeprom           0x00810000         0x00010000         rw !x
fuse             0x00820000         0x00000400         rw !x
lock             0x00830000         0x00000400         rw !x
signature        0x00840000         0x00000400         rw !x
*default*        0x00000000         0xffffffff

Linker script and memory map

Address of section .data set to 0x800100
LOAD c:/winavr-20100110/bin/../lib/gcc/avr/4.3.3/../../../../avr/lib/avr5/crtm64.o
LOAD c:/winavr-20100110/bin/../lib/gcc/avr/4.3.3/../../../../avr/lib/avr5\libprintf_flt.a
LOAD c:/winavr-20100110/bin/../lib/gcc/avr/4.3.3/../../../../avr/lib/avr5\libm.a
Address of section .bootloader set to 0xe000
LOAD ks0108.o
LOAD main.o
LOAD uart.o
LOAD gui.o
LOAD delay.o
LOAD nordic_spi.o
LOAD nrf24l01.o
LOAD c:/winavr-20100110/bin/../lib/gcc/avr/4.3.3/../../../../avr/lib/avr5\libprintf_flt.a
LOAD c:/winavr-20100110/bin/../lib/gcc/avr/4.3.3/../../../../avr/lib/avr5\libm.a
LOAD c:/winavr-20100110/bin/../lib/gcc/avr/4.3.3/avr5\libgcc.a
LOAD c:/winavr-20100110/bin/../lib/gcc/avr/4.3.3/../../../../avr/lib/avr5\libc.a
LOAD c:/winavr-20100110/bin/../lib/gcc/avr/4.3.3/avr5\libgcc.a

.hash
 *(.hash)

.dynsym
 *(.dynsym)

.dynstr
 *(.dynstr)

.gnu.version
 *(.gnu.version)

.gnu.version_d
 *(.gnu.version_d)

.gnu.version_r
 *(.gnu.version_r)

.rel.init
 *(.rel.init)

.rela.init
 *(.rela.init)

.rel.text
 *(.rel.text)
 *(.rel.text.*)
 *(.rel.gnu.linkonce.t*)

.rela.text
 *(.rela.text)
 *(.rela.text.*)
 *(.rela.gnu.linkonce.t*)

.rel.fini
 *(.rel.fini)

.rela.fini
 *(.rela.fini)

.rel.rodata
 *(.rel.rodata)
 *(.rel.rodata.*)
 *(.rel.gnu.linkonce.r*)

.rela.rodata
 *(.rela.rodata)
 *(.rela.rodata.*)
 *(.rela.gnu.linkonce.r*)

.rel.data
 *(.rel.data)
 *(.rel.data.*)
 *(.rel.gnu.linkonce.d*)

.rela.data
 *(.rela.data)
 *(.rela.data.*)
 *(.rela.gnu.linkonce.d*)

.rel.ctors
 *(.rel.ctors)

.rela.ctors
 *(.rela.ctors)

.rel.dtors
 *(.rel.dtors)

.rela.dtors
 *(.rela.dtors)

.rel.got
 *(.rel.got)

.rela.got
 *(.rela.got)

.rel.bss
 *(.rel.bss)

.rela.bss
 *(.rela.bss)

.rel.plt
 *(.rel.plt)

.rela.plt
 *(.rela.plt)

.text           0x00000000     0x55bc
 *(.vectors)
 .vectors       0x00000000       0x8c c:/winavr-20100110/bin/../lib/gcc/avr/4.3.3/../../../../avr/lib/avr5/crtm64.o
                0x00000000                __vectors
                0x00000000                __vector_default
 *(.vectors)
 *(.progmem.gcc*)
 *(.progmem*)
 .progmem.data  0x0000008c        0x8 c:/winavr-20100110/bin/../lib/gcc/avr/4.3.3/../../../../avr/lib/avr5\libprintf_flt.a(vfprintf_flt.o)
 .progmem.data  0x00000094     0x108a gui.o
 .progmem.data  0x0000111e       0xfa c:/winavr-20100110/bin/../lib/gcc/avr/4.3.3/../../../../avr/lib/avr5\libc.a(ftoa_engine.o)
                0x00001218                . = ALIGN (0x2)
                0x00001218                __trampolines_start = .
 *(.trampolines)
 .trampolines   0x00001218        0x0 linker stubs
 *(.trampolines*)
                0x00001218                __trampolines_end = .
 *(.jumptables)
 *(.jumptables*)
 *(.lowtext)
 *(.lowtext*)
                0x00001218                __ctors_start = .
 *(.ctors)
                0x00001218                __ctors_end = .
                0x00001218                __dtors_start = .
 *(.dtors)
                0x00001218                __dtors_end = .
 SORT(*)(.ctors)
 SORT(*)(.dtors)
 *(.init0)
 .init0         0x00001218        0x0 c:/winavr-20100110/bin/../lib/gcc/avr/4.3.3/../../../../avr/lib/avr5/crtm64.o
                0x00001218                __init
 *(.init0)
 *(.init1)
 *(.init1)
 *(.init2)
 .init2         0x00001218        0xc c:/winavr-20100110/bin/../lib/gcc/avr/4.3.3/../../../../avr/lib/avr5/crtm64.o
 *(.init2)
 *(.init3)
 *(.init3)
 *(.init4)
 .init4         0x00001224       0x16 c:/winavr-20100110/bin/../lib/gcc/avr/4.3.3/avr5\libgcc.a(_copy_data.o)
                0x00001224                __do_copy_data
 .init4         0x0000123a       0x10 c:/winavr-20100110/bin/../lib/gcc/avr/4.3.3/avr5\libgcc.a(_clear_bss.o)
                0x0000123a                __do_clear_bss
 *(.init4)
 *(.init5)
 *(.init5)
 *(.init6)
 *(.init6)
 *(.init7)
 *(.init7)
 *(.init8)
 *(.init8)
 *(.init9)
 .init9         0x0000124a        0x8 c:/winavr-20100110/bin/../lib/gcc/avr/4.3.3/../../../../avr/lib/avr5/crtm64.o
 *(.init9)
 *(.text)
 .text          0x00001252        0x4 c:/winavr-20100110/bin/../lib/gcc/avr/4.3.3/../../../../avr/lib/avr5/crtm64.o
                0x00001252                __vector_22
                0x00001252                __vector_28
                0x00001252                __vector_1
                0x00001252                __vector_32
                0x00001252                __vector_34
                0x00001252                __vector_24
                0x00001252                __bad_interrupt
                0x00001252                __vector_3
                0x00001252                __vector_23
                0x00001252                __vector_25
                0x00001252                __vector_11
                0x00001252                __vector_13
                0x00001252                __vector_17
                0x00001252                __vector_7
                0x00001252                __vector_27
                0x00001252                __vector_33
                0x00001252                __vector_4
                0x00001252                __vector_9
                0x00001252                __vector_2
                0x00001252                __vector_21
                0x00001252                __vector_15
                0x00001252                __vector_29
                0x00001252                __vector_26
                0x00001252                __vector_14
                0x00001252                __vector_10
                0x00001252                __vector_16
                0x00001252                __vector_20
 .text          0x00001256        0x0 c:/winavr-20100110/bin/../lib/gcc/avr/4.3.3/../../../../avr/lib/avr5\libprintf_flt.a(vfprintf_flt.o)
 .text          0x00001256      0xd22 ks0108.o
                0x00001396                ks0108GotoXY
                0x000017ce                ks0108Puts
                0x000019a8                ks0108SetInverted
                0x000013e0                ks0108DoReadData
                0x00001256                ks0108ReadFontData
                0x00001cfa                ks0108DrawRect
                0x00001456                ks0108WriteData
                0x00001316                ks0108StringWidth_P
                0x000019c8                ks0108FillRect
                0x0000159c                ks0108PutChar
                0x00001876                ks0108InvertRect
                0x00001af4                ks0108Init
                0x00001b44                ks0108DrawRoundRect
                0x00001272                ks0108CharWidth
                0x0000134a                ks0108WriteCommand
                0x000012e6                ks0108StringWidth
                0x0000125c                ks0108SelectFont
                0x0000181c                ks0108SetDot
                0x0000177e                ks0108Puts_P
                0x00001d4a                ks0108DrawLine
 .text          0x00001f78      0x83e main.o
                0x00001f78                __vector_12
                0x00002170                __vector_6
                0x00002092                update_gui
                0x00002114                update_button
                0x0000276e                __vector_5
                0x00002280                main
                0x00001fc2                disassemble_bytepacket
                0x00002726                __vector_8
 .text          0x000027b6      0x2dc uart.o
                0x000029f6                uart1_getc
                0x00002a5c                uart1_puts
                0x000029c2                uart1_init
                0x0000296e                __vector_31
                0x00002a76                uart1_puts_p
                0x00002916                __vector_30
                0x000028e0                uart_puts
                0x000028fa                uart_puts_p
                0x0000280a                __vector_19
                0x00002854                uart_init
                0x00002882                uart_getc
                0x000028bc                uart_putc
                0x00002a30                uart1_putc
                0x000027b6                __vector_18
 .text          0x00002a92      0xe9c gui.o
                0x00002d02                connect_setup
                0x00003876                LoadBitmap
                0x00002c54                reverse
                0x00002e38                graph_scroll
                0x00002d3c                weight_menu_setup
                0x000038c8                welcome_screen
                0x000031ac                summary_setup
                0x0000348c                main_menu_setup
                0x0000351c                update_encoder
                0x00002c0a                init_encoders
                0x00002c92                display_message
                0x00002a92                encoder_logic
                0x00002c3c                init_switches
                0x00003018                graph_setup
 .text          0x0000392e       0x68 delay.o
                0x0000392e                delay_10us
                0x0000396e                delay_10us_multiple
 .text          0x00003996       0x22 nordic_spi.o
                0x00003996                init_nordic_spi
                0x000039ae                nordic_transfer_byte
 .text          0x000039b8      0xd10 nrf24l01.o
                0x00003f08                nrf24l01_irq_clear_all
                0x000041da                nrf24l01_set_tx_addr
                0x00003df2                nrf24l01_get_observe_tx
                0x00003b32                nrf24l01_read_rx_payload
                0x00003ae8                nrf24l01_irq_rx_dr_active
                0x000039c8                nrf24l01_ce_pin_active
                0x0000427e                nrf24l01_power_down_param
                0x00004114                nrf24l01_clear_plos_cnt
                0x00003f3c                nrf24l01_rx_pipe_disable
                0x000039f6                nrf24l01_get_rx_pipe_from_status
                0x00004196                nrf24l01_set_rx_pw
                0x00003e16                nrf24l01_get_rf_ch
                0x000042fc                nrf24l01_write_tx_payload
                0x00004372                nrf24l01_set_as_tx_param
                0x00003ee2                nrf24l01_irq_clear_rx_dr
                0x00003b50                nrf24l01_get_all_registers
                0x000039bc                nrf24l01_rx_active_to_standby
                0x00003d24                nrf24l01_rx_pipe_enabled
                0x000039c0                nrf24l01_clear_ce
                0x00003ac0                nrf24l01_irq_max_rt_active
                0x000042ea                nrf24l01_transmit
                0x00003c42                nrf24l01_fifo_tx_empty
                0x000039c4                nrf24l01_set_ce
                0x00003da4                nrf24l01_get_arc_cnt
                0x000040f0                nrf24l01_clear_plos_cnt_param
                0x00003b20                nrf24l01_flush_tx
                0x00004016                nrf24l01_aa_disable
                0x00003dca                nrf24l01_get_plos_cnt
                0x0000465e                nrf24l01_power_up
                0x0000414c                nrf24l01_set_rf_ch
                0x00003e96                nrf24l01_irq_clear_max_rt
                0x00003aaa                nrf24l01_get_status
                0x000039de                nrf24l01_set_csn
                0x000043d8                nrf24l01_initialize
                0x0000422c                nrf24l01_set_as_rx
                0x0000439e                nrf24l01_initialize_debug_lite
                0x00003a02                nrf24l01_spi_send_read
                0x00003faa                nrf24l01_rx_pipe_enable
                0x00003d64                nrf24l01_aa_enabled
                0x00003ebc                nrf24l01_irq_clear_tx_ds
                0x000045c8                nrf24l01_initialize_debug
                0x00004172                nrf24l01_set_config
                0x000041e8                nrf24l01_set_as_tx
                0x000042a6                nrf24l01_power_down
                0x00003e3a                nrf24l01_get_config
                0x00003b46                nrf24l01_read_register
                0x00003ca6                nrf24l01_fifo_tx_reuse
                0x000039da                nrf24l01_clear_csn
                0x00003ab0                nrf24l01_get_rx_pipe
                0x00003bf0                nrf24l01_fifo_rx_empty
                0x00003a98                nrf24l01_nop
                0x00003c74                nrf24l01_fifo_tx_full
                0x00003ad4                nrf24l01_irq_tx_ds_active
                0x00003cd8                nrf24l01_get_fifo_status
                0x00003f2e                nrf24l01_clear_flush
                0x00003cfc                nrf24l01_cd_active
                0x00003a4c                nrf24l01_execute_command
                0x00003e5e                nrf24l01_get_rx_pw
                0x000039e8                nrf24l01_irq_pin_active
                0x0000438a                nrf24l01_set_as_rx_param
                0x000041c4                nrf24l01_set_rx_addr
                0x00003b0e                nrf24l01_flush_rx
                0x000039b8                nrf24l01_rx_standby_to_active
                0x00003c16                nrf24l01_fifo_rx_full
                0x00004084                nrf24l01_aa_enable
                0x00004324                nrf24l01_power_up_param
                0x00003afc                nrf24l01_reuse_tx_pl
                0x00003e8a                nrf24l01_write_register
                0x000039e2                nrf24l01_csn_pin_active
 .text          0x000046c8        0x0 c:/winavr-20100110/bin/../lib/gcc/avr/4.3.3/../../../../avr/lib/avr5\libm.a(addsf3.o)
 .text          0x000046c8        0x0 c:/winavr-20100110/bin/../lib/gcc/avr/4.3.3/../../../../avr/lib/avr5\libm.a(addsf3x.o)
 .text          0x000046c8        0x0 c:/winavr-20100110/bin/../lib/gcc/avr/4.3.3/../../../../avr/lib/avr5\libm.a(divsf3.o)
 .text          0x000046c8        0x0 c:/winavr-20100110/bin/../lib/gcc/avr/4.3.3/../../../../avr/lib/avr5\libm.a(divsf3x.o)
 .text          0x000046c8        0x0 c:/winavr-20100110/bin/../lib/gcc/avr/4.3.3/../../../../avr/lib/avr5\libm.a(fixunssfsi.o)
 .text          0x000046c8        0x0 c:/winavr-20100110/bin/../lib/gcc/avr/4.3.3/../../../../avr/lib/avr5\libm.a(fp_inf.o)
 .text          0x000046c8        0x0 c:/winavr-20100110/bin/../lib/gcc/avr/4.3.3/../../../../avr/lib/avr5\libm.a(fp_nan.o)
 .text          0x000046c8        0x0 c:/winavr-20100110/bin/../lib/gcc/avr/4.3.3/../../../../avr/lib/avr5\libm.a(fp_pscA.o)
 .text          0x000046c8        0x0 c:/winavr-20100110/bin/../lib/gcc/avr/4.3.3/../../../../avr/lib/avr5\libm.a(fp_pscB.o)
 .text          0x000046c8        0x0 c:/winavr-20100110/bin/../lib/gcc/avr/4.3.3/../../../../avr/lib/avr5\libm.a(fp_round.o)
 .text          0x000046c8        0x0 c:/winavr-20100110/bin/../lib/gcc/avr/4.3.3/../../../../avr/lib/avr5\libm.a(fp_split3.o)
 .text          0x000046c8        0x0 c:/winavr-20100110/bin/../lib/gcc/avr/4.3.3/../../../../avr/lib/avr5\libm.a(fp_zero.o)
 .text          0x000046c8        0x0 c:/winavr-20100110/bin/../lib/gcc/avr/4.3.3/../../../../avr/lib/avr5\libm.a(mulsf3.o)
 .text          0x000046c8        0x0 c:/winavr-20100110/bin/../lib/gcc/avr/4.3.3/../../../../avr/lib/avr5\libm.a(mulsf3x.o)
 .text          0x000046c8        0x0 c:/winavr-20100110/bin/../lib/gcc/avr/4.3.3/avr5\libgcc.a(_divmodhi4.o)
 .text          0x000046c8        0x0 c:/winavr-20100110/bin/../lib/gcc/avr/4.3.3/avr5\libgcc.a(_prologue.o)
 .text          0x000046c8        0x0 c:/winavr-20100110/bin/../lib/gcc/avr/4.3.3/avr5\libgcc.a(_epilogue.o)
 .text          0x000046c8        0x0 c:/winavr-20100110/bin/../lib/gcc/avr/4.3.3/avr5\libgcc.a(_exit.o)
 .text          0x000046c8        0x0 c:/winavr-20100110/bin/../lib/gcc/avr/4.3.3/avr5\libgcc.a(_copy_data.o)
 .text          0x000046c8        0x0 c:/winavr-20100110/bin/../lib/gcc/avr/4.3.3/avr5\libgcc.a(_clear_bss.o)
 .text          0x000046c8        0x0 c:/winavr-20100110/bin/../lib/gcc/avr/4.3.3/avr5\libgcc.a(_udivmodhi4.o)
 .text          0x000046c8        0x0 c:/winavr-20100110/bin/../lib/gcc/avr/4.3.3/../../../../avr/lib/avr5\libc.a(ftoa_engine.o)
 .text          0x000046c8        0x0 c:/winavr-20100110/bin/../lib/gcc/avr/4.3.3/../../../../avr/lib/avr5\libc.a(strnlen_P.o)
 .text          0x000046c8        0x0 c:/winavr-20100110/bin/../lib/gcc/avr/4.3.3/../../../../avr/lib/avr5\libc.a(strnlen.o)
 .text          0x000046c8        0x0 c:/winavr-20100110/bin/../lib/gcc/avr/4.3.3/../../../../avr/lib/avr5\libc.a(fputc.o)
 .text          0x000046c8        0x0 c:/winavr-20100110/bin/../lib/gcc/avr/4.3.3/../../../../avr/lib/avr5\libc.a(iob.o)
 .text          0x000046c8        0x0 c:/winavr-20100110/bin/../lib/gcc/avr/4.3.3/../../../../avr/lib/avr5\libc.a(printf.o)
 .text          0x000046c8        0x0 c:/winavr-20100110/bin/../lib/gcc/avr/4.3.3/../../../../avr/lib/avr5\libc.a(puts.o)
 .text          0x000046c8        0x0 c:/winavr-20100110/bin/../lib/gcc/avr/4.3.3/../../../../avr/lib/avr5\libc.a(sprintf.o)
 .text          0x000046c8        0x0 c:/winavr-20100110/bin/../lib/gcc/avr/4.3.3/../../../../avr/lib/avr5\libc.a(ultoa_invert.o)
                0x000046c8                . = ALIGN (0x2)
 *(.text.*)
 .text.avr-libc
                0x000046c8      0x70e c:/winavr-20100110/bin/../lib/gcc/avr/4.3.3/../../../../avr/lib/avr5\libprintf_flt.a(vfprintf_flt.o)
                0x000046c8                vfprintf
 .text.avr-libc.fplib
                0x00004dd6        0xa c:/winavr-20100110/bin/../lib/gcc/avr/4.3.3/../../../../avr/lib/avr5\libm.a(addsf3.o)
                0x00004dd6                __subsf3
                0x00004dd8                __addsf3
 .text.avr-libc.fplib
                0x00004de0       0xc0 c:/winavr-20100110/bin/../lib/gcc/avr/4.3.3/../../../../avr/lib/avr5\libm.a(addsf3x.o)
                0x00004dfa                __addsf3x
 .text.avr-libc.fplib
                0x00004ea0        0x4 c:/winavr-20100110/bin/../lib/gcc/avr/4.3.3/../../../../avr/lib/avr5\libm.a(divsf3.o)
                0x00004ea0                __divsf3
 .text.avr-libc.fplib
                0x00004ea4       0xcc c:/winavr-20100110/bin/../lib/gcc/avr/4.3.3/../../../../avr/lib/avr5\libm.a(divsf3x.o)
                0x00004eba                __divsf3x
                0x00004ebe                __divsf3_pse
 .text.avr-libc.fplib
                0x00004f70       0x58 c:/winavr-20100110/bin/../lib/gcc/avr/4.3.3/../../../../avr/lib/avr5\libm.a(fixunssfsi.o)
                0x00004f70                __fixunssfsi
 .text.avr-libc.fplib
                0x00004fc8        0xc c:/winavr-20100110/bin/../lib/gcc/avr/4.3.3/../../../../avr/lib/avr5\libm.a(fp_inf.o)
                0x00004fc8                __fp_inf
 .text.avr-libc.fplib
                0x00004fd4        0x6 c:/winavr-20100110/bin/../lib/gcc/avr/4.3.3/../../../../avr/lib/avr5\libm.a(fp_nan.o)
                0x00004fd4                __fp_nan
 .text.avr-libc.fplib
                0x00004fda        0xe c:/winavr-20100110/bin/../lib/gcc/avr/4.3.3/../../../../avr/lib/avr5\libm.a(fp_pscA.o)
                0x00004fda                __fp_pscA
 .text.avr-libc.fplib
                0x00004fe8        0xe c:/winavr-20100110/bin/../lib/gcc/avr/4.3.3/../../../../avr/lib/avr5\libm.a(fp_pscB.o)
                0x00004fe8                __fp_pscB
 .text.avr-libc.fplib
                0x00004ff6       0x22 c:/winavr-20100110/bin/../lib/gcc/avr/4.3.3/../../../../avr/lib/avr5\libm.a(fp_round.o)
                0x00004ff6                __fp_round
 .text.avr-libc.fplib
                0x00005018       0x44 c:/winavr-20100110/bin/../lib/gcc/avr/4.3.3/../../../../avr/lib/avr5\libm.a(fp_split3.o)
                0x00005018                __fp_split3
                0x00005028                __fp_splitA
 .text.avr-libc.fplib
                0x0000505c        0xe c:/winavr-20100110/bin/../lib/gcc/avr/4.3.3/../../../../avr/lib/avr5\libm.a(fp_zero.o)
                0x0000505c                __fp_zero
                0x0000505e                __fp_szero
 .text.avr-libc.fplib
                0x0000506a        0x4 c:/winavr-20100110/bin/../lib/gcc/avr/4.3.3/../../../../avr/lib/avr5\libm.a(mulsf3.o)
                0x0000506a                __mulsf3
 .text.avr-libc.fplib
                0x0000506e       0xc2 c:/winavr-20100110/bin/../lib/gcc/avr/4.3.3/../../../../avr/lib/avr5\libm.a(mulsf3x.o)
                0x00005086                __mulsf3_pse
                0x00005082                __mulsf3x
 .text.libgcc   0x00005130       0x26 c:/winavr-20100110/bin/../lib/gcc/avr/4.3.3/avr5\libgcc.a(_divmodhi4.o)
                0x00005130                __divmodhi4
                0x00005130                _div
 .text.libgcc   0x00005156       0x38 c:/winavr-20100110/bin/../lib/gcc/avr/4.3.3/avr5\libgcc.a(_prologue.o)
                0x00005156                __prologue_saves__
 .text.libgcc   0x0000518e       0x36 c:/winavr-20100110/bin/../lib/gcc/avr/4.3.3/avr5\libgcc.a(_epilogue.o)
                0x0000518e                __epilogue_restores__
 .text.libgcc   0x000051c4        0x0 c:/winavr-20100110/bin/../lib/gcc/avr/4.3.3/avr5\libgcc.a(_exit.o)
 .text.libgcc   0x000051c4        0x0 c:/winavr-20100110/bin/../lib/gcc/avr/4.3.3/avr5\libgcc.a(_copy_data.o)
 .text.libgcc   0x000051c4        0x0 c:/winavr-20100110/bin/../lib/gcc/avr/4.3.3/avr5\libgcc.a(_clear_bss.o)
 .text.libgcc   0x000051c4       0x28 c:/winavr-20100110/bin/../lib/gcc/avr/4.3.3/avr5\libgcc.a(_udivmodhi4.o)
                0x000051c4                __udivmodhi4
 .text.avr-libc
                0x000051ec      0x1b0 c:/winavr-20100110/bin/../lib/gcc/avr/4.3.3/../../../../avr/lib/avr5\libc.a(ftoa_engine.o)
                0x000051ec                __ftoa_engine
 .text.avr-libc
                0x0000539c       0x16 c:/winavr-20100110/bin/../lib/gcc/avr/4.3.3/../../../../avr/lib/avr5\libc.a(strnlen_P.o)
                0x0000539c                strnlen_P
 .text.avr-libc
                0x000053b2       0x16 c:/winavr-20100110/bin/../lib/gcc/avr/4.3.3/../../../../avr/lib/avr5\libc.a(strnlen.o)
                0x000053b2                strnlen
 .text.avr-libc
                0x000053c8       0x58 c:/winavr-20100110/bin/../lib/gcc/avr/4.3.3/../../../../avr/lib/avr5\libc.a(fputc.o)
                0x000053c8                fputc
 .text.avr-libc
                0x00005420       0x2a c:/winavr-20100110/bin/../lib/gcc/avr/4.3.3/../../../../avr/lib/avr5\libc.a(printf.o)
                0x00005420                printf
 .text.avr-libc
                0x0000544a       0x6a c:/winavr-20100110/bin/../lib/gcc/avr/4.3.3/../../../../avr/lib/avr5\libc.a(puts.o)
                0x0000544a                puts
 .text.avr-libc
                0x000054b4       0x48 c:/winavr-20100110/bin/../lib/gcc/avr/4.3.3/../../../../avr/lib/avr5\libc.a(sprintf.o)
                0x000054b4                sprintf
 .text.avr-libc
                0x000054fc       0xbc c:/winavr-20100110/bin/../lib/gcc/avr/4.3.3/../../../../avr/lib/avr5\libc.a(ultoa_invert.o)
                0x000054fc                __ultoa_invert
                0x000055b8                . = ALIGN (0x2)
 *(.fini9)
 .fini9         0x000055b8        0x0 c:/winavr-20100110/bin/../lib/gcc/avr/4.3.3/avr5\libgcc.a(_exit.o)
                0x000055b8                exit
                0x000055b8                _exit
 *(.fini9)
 *(.fini8)
 *(.fini8)
 *(.fini7)
 *(.fini7)
 *(.fini6)
 *(.fini6)
 *(.fini5)
 *(.fini5)
 *(.fini4)
 *(.fini4)
 *(.fini3)
 *(.fini3)
 *(.fini2)
 *(.fini2)
 *(.fini1)
 *(.fini1)
 *(.fini0)
 .fini0         0x000055b8        0x4 c:/winavr-20100110/bin/../lib/gcc/avr/4.3.3/avr5\libgcc.a(_exit.o)
 *(.fini0)
                0x000055bc                _etext = .

.data           0x00800100      0x41c load address 0x000055bc
                0x00800100                PROVIDE (__data_start, .)
 *(.data)
 .data          0x00800100        0x0 c:/winavr-20100110/bin/../lib/gcc/avr/4.3.3/../../../../avr/lib/avr5/crtm64.o
 .data          0x00800100        0x0 c:/winavr-20100110/bin/../lib/gcc/avr/4.3.3/../../../../avr/lib/avr5\libprintf_flt.a(vfprintf_flt.o)
 .data          0x00800100        0x0 ks0108.o
 .data          0x00800100      0x300 main.o
                0x00800200                c
 .data          0x00800400        0x0 uart.o
 .data          0x00800400      0x11b gui.o
                0x00800519                prev_menu_option
                0x00800515                weight
 .data          0x0080051b        0x0 delay.o
 .data          0x0080051b        0x0 nordic_spi.o
 .data          0x0080051b        0x0 nrf24l01.o
 .data          0x0080051b        0x0 c:/winavr-20100110/bin/../lib/gcc/avr/4.3.3/../../../../avr/lib/avr5\libm.a(addsf3.o)
 .data          0x0080051b        0x0 c:/winavr-20100110/bin/../lib/gcc/avr/4.3.3/../../../../avr/lib/avr5\libm.a(addsf3x.o)
 .data          0x0080051b        0x0 c:/winavr-20100110/bin/../lib/gcc/avr/4.3.3/../../../../avr/lib/avr5\libm.a(divsf3.o)
 .data          0x0080051b        0x0 c:/winavr-20100110/bin/../lib/gcc/avr/4.3.3/../../../../avr/lib/avr5\libm.a(divsf3x.o)
 .data          0x0080051b        0x0 c:/winavr-20100110/bin/../lib/gcc/avr/4.3.3/../../../../avr/lib/avr5\libm.a(fixunssfsi.o)
 .data          0x0080051b        0x0 c:/winavr-20100110/bin/../lib/gcc/avr/4.3.3/../../../../avr/lib/avr5\libm.a(fp_inf.o)
 .data          0x0080051b        0x0 c:/winavr-20100110/bin/../lib/gcc/avr/4.3.3/../../../../avr/lib/avr5\libm.a(fp_nan.o)
 .data          0x0080051b        0x0 c:/winavr-20100110/bin/../lib/gcc/avr/4.3.3/../../../../avr/lib/avr5\libm.a(fp_pscA.o)
 .data          0x0080051b        0x0 c:/winavr-20100110/bin/../lib/gcc/avr/4.3.3/../../../../avr/lib/avr5\libm.a(fp_pscB.o)
 .data          0x0080051b        0x0 c:/winavr-20100110/bin/../lib/gcc/avr/4.3.3/../../../../avr/lib/avr5\libm.a(fp_round.o)
 .data          0x0080051b        0x0 c:/winavr-20100110/bin/../lib/gcc/avr/4.3.3/../../../../avr/lib/avr5\libm.a(fp_split3.o)
 .data          0x0080051b        0x0 c:/winavr-20100110/bin/../lib/gcc/avr/4.3.3/../../../../avr/lib/avr5\libm.a(fp_zero.o)
 .data          0x0080051b        0x0 c:/winavr-20100110/bin/../lib/gcc/avr/4.3.3/../../../../avr/lib/avr5\libm.a(mulsf3.o)
 .data          0x0080051b        0x0 c:/winavr-20100110/bin/../lib/gcc/avr/4.3.3/../../../../avr/lib/avr5\libm.a(mulsf3x.o)
 .data          0x0080051b        0x0 c:/winavr-20100110/bin/../lib/gcc/avr/4.3.3/avr5\libgcc.a(_divmodhi4.o)
 .data          0x0080051b        0x0 c:/winavr-20100110/bin/../lib/gcc/avr/4.3.3/avr5\libgcc.a(_prologue.o)
 .data          0x0080051b        0x0 c:/winavr-20100110/bin/../lib/gcc/avr/4.3.3/avr5\libgcc.a(_epilogue.o)
 .data          0x0080051b        0x0 c:/winavr-20100110/bin/../lib/gcc/avr/4.3.3/avr5\libgcc.a(_exit.o)
 .data          0x0080051b        0x0 c:/winavr-20100110/bin/../lib/gcc/avr/4.3.3/avr5\libgcc.a(_copy_data.o)
 .data          0x0080051b        0x0 c:/winavr-20100110/bin/../lib/gcc/avr/4.3.3/avr5\libgcc.a(_clear_bss.o)
 .data          0x0080051b        0x0 c:/winavr-20100110/bin/../lib/gcc/avr/4.3.3/avr5\libgcc.a(_udivmodhi4.o)
 .data          0x0080051b        0x0 c:/winavr-20100110/bin/../lib/gcc/avr/4.3.3/../../../../avr/lib/avr5\libc.a(ftoa_engine.o)
 .data          0x0080051b        0x0 c:/winavr-20100110/bin/../lib/gcc/avr/4.3.3/../../../../avr/lib/avr5\libc.a(strnlen_P.o)
 .data          0x0080051b        0x0 c:/winavr-20100110/bin/../lib/gcc/avr/4.3.3/../../../../avr/lib/avr5\libc.a(strnlen.o)
 .data          0x0080051b        0x0 c:/winavr-20100110/bin/../lib/gcc/avr/4.3.3/../../../../avr/lib/avr5\libc.a(fputc.o)
 .data          0x0080051b        0x0 c:/winavr-20100110/bin/../lib/gcc/avr/4.3.3/../../../../avr/lib/avr5\libc.a(iob.o)
 .data          0x0080051b        0x0 c:/winavr-20100110/bin/../lib/gcc/avr/4.3.3/../../../../avr/lib/avr5\libc.a(printf.o)
 .data          0x0080051b        0x0 c:/winavr-20100110/bin/../lib/gcc/avr/4.3.3/../../../../avr/lib/avr5\libc.a(puts.o)
 .data          0x0080051b        0x0 c:/winavr-20100110/bin/../lib/gcc/avr/4.3.3/../../../../avr/lib/avr5\libc.a(sprintf.o)
 .data          0x0080051b        0x0 c:/winavr-20100110/bin/../lib/gcc/avr/4.3.3/../../../../avr/lib/avr5\libc.a(ultoa_invert.o)
 *(.data*)
 *(.rodata)
 *(.rodata*)
 *(.gnu.linkonce.d*)
                0x0080051c                . = ALIGN (0x2)
 *fill*         0x0080051b        0x1 00
                0x0080051c                _edata = .
                0x0080051c                PROVIDE (__data_end, .)

.bss            0x0080051c      0x9ba
                0x0080051c                PROVIDE (__bss_start, .)
 *(.bss)
 .bss           0x0080051c        0x0 c:/winavr-20100110/bin/../lib/gcc/avr/4.3.3/../../../../avr/lib/avr5/crtm64.o
 .bss           0x0080051c        0x0 c:/winavr-20100110/bin/../lib/gcc/avr/4.3.3/../../../../avr/lib/avr5\libprintf_flt.a(vfprintf_flt.o)
 .bss           0x0080051c        0x1 ks0108.o
                0x0080051c                ks0108Inverted
 .bss           0x0080051d       0x29 main.o
                0x00800521                main_timer
                0x00800533                first_dip
                0x00800535                lastval
                0x0080052d                cond
                0x00800525                currenttimer
                0x00800529                button_prev
                0x00800531                i
                0x00800539                pgm_state
                0x0080053e                max
                0x00800542                max_second_pull
                0x00800537                pc_mode
                0x0080052f                h
                0x0080053a                avg
                0x0080052b                button_current
                0x00800527                button_timer
                0x0080051d                tenms
 .bss           0x00800546      0x14a uart.o
 .bss           0x00800690       0x16 gui.o
                0x0080069e                x
                0x008006a4                temp2
                0x008006a2                temp
                0x0080069c                index
                0x00800698                time
                0x008006a0                y
                0x00800692                cw
                0x00800690                ccw
                0x00800694                value
 .bss           0x008006a6        0x0 delay.o
 .bss           0x008006a6        0x0 nordic_spi.o
 .bss           0x008006a6        0x0 nrf24l01.o
 .bss           0x008006a6        0x0 c:/winavr-20100110/bin/../lib/gcc/avr/4.3.3/../../../../avr/lib/avr5\libm.a(addsf3.o)
 .bss           0x008006a6        0x0 c:/winavr-20100110/bin/../lib/gcc/avr/4.3.3/../../../../avr/lib/avr5\libm.a(addsf3x.o)
 .bss           0x008006a6        0x0 c:/winavr-20100110/bin/../lib/gcc/avr/4.3.3/../../../../avr/lib/avr5\libm.a(divsf3.o)
 .bss           0x008006a6        0x0 c:/winavr-20100110/bin/../lib/gcc/avr/4.3.3/../../../../avr/lib/avr5\libm.a(divsf3x.o)
 .bss           0x008006a6        0x0 c:/winavr-20100110/bin/../lib/gcc/avr/4.3.3/../../../../avr/lib/avr5\libm.a(fixunssfsi.o)
 .bss           0x008006a6        0x0 c:/winavr-20100110/bin/../lib/gcc/avr/4.3.3/../../../../avr/lib/avr5\libm.a(fp_inf.o)
 .bss           0x008006a6        0x0 c:/winavr-20100110/bin/../lib/gcc/avr/4.3.3/../../../../avr/lib/avr5\libm.a(fp_nan.o)
 .bss           0x008006a6        0x0 c:/winavr-20100110/bin/../lib/gcc/avr/4.3.3/../../../../avr/lib/avr5\libm.a(fp_pscA.o)
 .bss           0x008006a6        0x0 c:/winavr-20100110/bin/../lib/gcc/avr/4.3.3/../../../../avr/lib/avr5\libm.a(fp_pscB.o)
 .bss           0x008006a6        0x0 c:/winavr-20100110/bin/../lib/gcc/avr/4.3.3/../../../../avr/lib/avr5\libm.a(fp_round.o)
 .bss           0x008006a6        0x0 c:/winavr-20100110/bin/../lib/gcc/avr/4.3.3/../../../../avr/lib/avr5\libm.a(fp_split3.o)
 .bss           0x008006a6        0x0 c:/winavr-20100110/bin/../lib/gcc/avr/4.3.3/../../../../avr/lib/avr5\libm.a(fp_zero.o)
 .bss           0x008006a6        0x0 c:/winavr-20100110/bin/../lib/gcc/avr/4.3.3/../../../../avr/lib/avr5\libm.a(mulsf3.o)
 .bss           0x008006a6        0x0 c:/winavr-20100110/bin/../lib/gcc/avr/4.3.3/../../../../avr/lib/avr5\libm.a(mulsf3x.o)
 .bss           0x008006a6        0x0 c:/winavr-20100110/bin/../lib/gcc/avr/4.3.3/avr5\libgcc.a(_divmodhi4.o)
 .bss           0x008006a6        0x0 c:/winavr-20100110/bin/../lib/gcc/avr/4.3.3/avr5\libgcc.a(_prologue.o)
 .bss           0x008006a6        0x0 c:/winavr-20100110/bin/../lib/gcc/avr/4.3.3/avr5\libgcc.a(_epilogue.o)
 .bss           0x008006a6        0x0 c:/winavr-20100110/bin/../lib/gcc/avr/4.3.3/avr5\libgcc.a(_exit.o)
 .bss           0x008006a6        0x0 c:/winavr-20100110/bin/../lib/gcc/avr/4.3.3/avr5\libgcc.a(_copy_data.o)
 .bss           0x008006a6        0x0 c:/winavr-20100110/bin/../lib/gcc/avr/4.3.3/avr5\libgcc.a(_clear_bss.o)
 .bss           0x008006a6        0x0 c:/winavr-20100110/bin/../lib/gcc/avr/4.3.3/avr5\libgcc.a(_udivmodhi4.o)
 .bss           0x008006a6        0x0 c:/winavr-20100110/bin/../lib/gcc/avr/4.3.3/../../../../avr/lib/avr5\libc.a(ftoa_engine.o)
 .bss           0x008006a6        0x0 c:/winavr-20100110/bin/../lib/gcc/avr/4.3.3/../../../../avr/lib/avr5\libc.a(strnlen_P.o)
 .bss           0x008006a6        0x0 c:/winavr-20100110/bin/../lib/gcc/avr/4.3.3/../../../../avr/lib/avr5\libc.a(strnlen.o)
 .bss           0x008006a6        0x0 c:/winavr-20100110/bin/../lib/gcc/avr/4.3.3/../../../../avr/lib/avr5\libc.a(fputc.o)
 .bss           0x008006a6        0x0 c:/winavr-20100110/bin/../lib/gcc/avr/4.3.3/../../../../avr/lib/avr5\libc.a(iob.o)
 .bss           0x008006a6        0x0 c:/winavr-20100110/bin/../lib/gcc/avr/4.3.3/../../../../avr/lib/avr5\libc.a(printf.o)
 .bss           0x008006a6        0x0 c:/winavr-20100110/bin/../lib/gcc/avr/4.3.3/../../../../avr/lib/avr5\libc.a(puts.o)
 .bss           0x008006a6        0x0 c:/winavr-20100110/bin/../lib/gcc/avr/4.3.3/../../../../avr/lib/avr5\libc.a(sprintf.o)
 .bss           0x008006a6        0x0 c:/winavr-20100110/bin/../lib/gcc/avr/4.3.3/../../../../avr/lib/avr5\libc.a(ultoa_invert.o)
 *(.bss*)
 *(COMMON)
 COMMON         0x008006a6        0x8 ks0108.o
                0x008006a6                ks0108FontColor
                0x008006a7                ks0108Coord
                0x008006aa                ks0108FontRead
                0x008006ac                ks0108Font
 COMMON         0x008006ae      0x7e8 main.o
                0x008006ae                datatest
                0x00800e7e                yaxis_max
                0x00800e8a                yaxis_n
 COMMON         0x00800e96       0x3a gui.o
                0x00800e96                prev_state
                0x00800e9a                msg
                0x00800ecc                curr_state
 COMMON         0x00800ed0        0x6 c:/winavr-20100110/bin/../lib/gcc/avr/4.3.3/../../../../avr/lib/avr5\libc.a(iob.o)
                0x00800ed0                __iob
                0x00800ed6                PROVIDE (__bss_end, .)
                0x000055bc                __data_load_start = LOADADDR (.data)
                0x000059d8                __data_load_end = (__data_load_start + SIZEOF (.data))

.noinit         0x00800ed6        0x0
                0x00800ed6                PROVIDE (__noinit_start, .)
 *(.noinit*)
                0x00800ed6                PROVIDE (__noinit_end, .)
                0x00800ed6                _end = .
                0x00800ed6                PROVIDE (__heap_start, .)

.eeprom         0x00810000        0x0
 *(.eeprom*)
                0x00810000                __eeprom_end = .

.fuse
 *(.fuse)
 *(.lfuse)
 *(.hfuse)
 *(.efuse)

.lock
 *(.lock*)

.signature
 *(.signature*)

.stab
 *(.stab)

.stabstr
 *(.stabstr)

.stab.excl
 *(.stab.excl)

.stab.exclstr
 *(.stab.exclstr)

.stab.index
 *(.stab.index)

.stab.indexstr
 *(.stab.indexstr)

.comment
 *(.comment)

.debug
 *(.debug)

.line
 *(.line)

.debug_srcinfo
 *(.debug_srcinfo)

.debug_sfnames
 *(.debug_sfnames)

.debug_aranges  0x00000000       0xe8
 *(.debug_aranges)
 .debug_aranges
                0x00000000       0x20 ks0108.o
 .debug_aranges
                0x00000020       0x28 main.o
 .debug_aranges
                0x00000048       0x20 uart.o
 .debug_aranges
                0x00000068       0x20 gui.o
 .debug_aranges
                0x00000088       0x20 delay.o
 .debug_aranges
                0x000000a8       0x20 nordic_spi.o
 .debug_aranges
                0x000000c8       0x20 nrf24l01.o

.debug_pubnames
                0x00000000      0xdde
 *(.debug_pubnames)
 .debug_pubnames
                0x00000000      0x1f8 ks0108.o
 .debug_pubnames
                0x000001f8      0x1a2 main.o
 .debug_pubnames
                0x0000039a       0xe7 uart.o
 .debug_pubnames
                0x00000481      0x1aa gui.o
 .debug_pubnames
                0x0000062b       0x39 delay.o
 .debug_pubnames
                0x00000664       0x3f nordic_spi.o
 .debug_pubnames
                0x000006a3      0x73b nrf24l01.o

.debug_info     0x00000000     0x2d65
 *(.debug_info)
 .debug_info    0x00000000      0xb0d ks0108.o
 .debug_info    0x00000b0d      0x623 main.o
 .debug_info    0x00001130      0x4fe uart.o
 .debug_info    0x0000162e      0x5d2 gui.o
 .debug_info    0x00001c00       0xb4 delay.o
 .debug_info    0x00001cb4       0xa4 nordic_spi.o
 .debug_info    0x00001d58     0x100d nrf24l01.o
 *(.gnu.linkonce.wi.*)

.debug_abbrev   0x00000000      0xa7a
 *(.debug_abbrev)
 .debug_abbrev  0x00000000      0x247 ks0108.o
 .debug_abbrev  0x00000247      0x23d main.o
 .debug_abbrev  0x00000484      0x13e uart.o
 .debug_abbrev  0x000005c2      0x1dc gui.o
 .debug_abbrev  0x0000079e       0x7b delay.o
 .debug_abbrev  0x00000819       0x70 nordic_spi.o
 .debug_abbrev  0x00000889      0x1f1 nrf24l01.o

.debug_line     0x00000000     0x2a60
 *(.debug_line)
 .debug_line    0x00000000      0xbae ks0108.o
 .debug_line    0x00000bae      0x525 main.o
 .debug_line    0x000010d3      0x3c7 uart.o
 .debug_line    0x0000149a      0x801 gui.o
 .debug_line    0x00001c9b       0x9c delay.o
 .debug_line    0x00001d37       0xea nordic_spi.o
 .debug_line    0x00001e21      0xc3f nrf24l01.o

.debug_frame    0x00000000      0x890
 *(.debug_frame)
 .debug_frame   0x00000000      0x150 ks0108.o
 .debug_frame   0x00000150       0xa0 main.o
 .debug_frame   0x000001f0       0xf0 uart.o
 .debug_frame   0x000002e0       0xf0 gui.o
 .debug_frame   0x000003d0       0x30 delay.o
 .debug_frame   0x00000400       0x30 nordic_spi.o
 .debug_frame   0x00000430      0x460 nrf24l01.o

.debug_str      0x00000000      0xff8
 *(.debug_str)
 .debug_str     0x00000000      0x31d ks0108.o
                                0x36e (size before relaxing)
 .debug_str     0x0000031d      0x208 main.o
                                0x2e0 (size before relaxing)
 .debug_str     0x00000525      0x18b uart.o
                                0x270 (size before relaxing)
 .debug_str     0x000006b0      0x177 gui.o
                                0x283 (size before relaxing)
 .debug_str     0x00000827       0x30 delay.o
                                 0xe8 (size before relaxing)
 .debug_str     0x00000857       0x35 nordic_spi.o
                                 0xfa (size before relaxing)
 .debug_str     0x0000088c      0x76c nrf24l01.o
                                0x863 (size before relaxing)

.debug_loc      0x00000000     0x2174
 *(.debug_loc)
 .debug_loc     0x00000000      0xe24 ks0108.o
 .debug_loc     0x00000e24      0x1b1 main.o
 .debug_loc     0x00000fd5      0x2c8 uart.o
 .debug_loc     0x0000129d      0x352 gui.o
 .debug_loc     0x000015ef       0x1f delay.o
 .debug_loc     0x0000160e       0x13 nordic_spi.o
 .debug_loc     0x00001621      0xb53 nrf24l01.o

.debug_macinfo
 *(.debug_macinfo)
OUTPUT(gLCD.elf elf32-avr)
LOAD linker stubs

.bootloader     0x0000e000       0x7c
 .bootloader    0x0000e000       0x7c main.o
                0x0000e000                boot_program_page

.debug_ranges   0x00000000       0x70
 .debug_ranges  0x00000000       0x70 main.o
